# 3.5. Файловые системы

### 1. Узнайте о sparse (разряженных) файлах.

### 2. Могут ли файлы, являющиеся жесткой ссылкой на один объект, иметь разные права доступа и владельца? Почему?

### 3. Сделайте vagrant destroy на имеющийся инстанс Ubuntu. Замените содержимое Vagrantfile следующим:

```commandline
Vagrant.configure("2") do |config|
  config.vm.box = "bento/ubuntu-20.04"
  config.vm.provider :virtualbox do |vb|
    lvm_experiments_disk0_path = "/tmp/lvm_experiments_disk0.vmdk"
    lvm_experiments_disk1_path = "/tmp/lvm_experiments_disk1.vmdk"
    vb.customize ['createmedium', '--filename', lvm_experiments_disk0_path, '--size', 2560]
    vb.customize ['createmedium', '--filename', lvm_experiments_disk1_path, '--size', 2560]
    vb.customize ['storageattach', :id, '--storagectl', 'SATA Controller', '--port', 1, '--device', 0, '--type', 'hdd', '--medium', lvm_experiments_disk0_path]
    vb.customize ['storageattach', :id, '--storagectl', 'SATA Controller', '--port', 2, '--device', 0, '--type', 'hdd', '--medium', lvm_experiments_disk1_path]
  end
end
```

Данная конфигурация создаст новую виртуальную машину с двумя дополнительными неразмеченными дисками по 2.5 Гб.

### 4. Используя `fdisk`, разбейте первый диск на 2 раздела: 2 Гб, оставшееся пространство.

То что есть в самом начале:

```commandline
root@vagrant:/home/vagrant# fdisk -l
Disk /dev/sda: 64 GiB, 68719476736 bytes, 134217728 sectors
Disk model: VBOX HARDDISK
Units: sectors of 1 * 512 = 512 bytes
Sector size (logical/physical): 512 bytes / 512 bytes
I/O size (minimum/optimal): 512 bytes / 512 bytes
Disklabel type: dos
Disk identifier: 0x3f94c461

Device     Boot   Start       End   Sectors  Size Id Type
/dev/sda1  *       2048   1050623   1048576  512M  b W95 FAT32
/dev/sda2       1052670 134215679 133163010 63.5G  5 Extended
/dev/sda5       1052672 134215679 133163008 63.5G 8e Linux LVM

Disk /dev/sdb: 2.51 GiB, 2684354560 bytes, 5242880 sectors
Disk model: VBOX HARDDISK
Units: sectors of 1 * 512 = 512 bytes
Sector size (logical/physical): 512 bytes / 512 bytes
I/O size (minimum/optimal): 512 bytes / 512 bytes


Disk /dev/sdc: 2.51 GiB, 2684354560 bytes, 5242880 sectors
Disk model: VBOX HARDDISK
Units: sectors of 1 * 512 = 512 bytes
Sector size (logical/physical): 512 bytes / 512 bytes
I/O size (minimum/optimal): 512 bytes / 512 bytes
...
```

Делаем разметку диска **/dev/sdb**

```commandline
root@vagrant:/home/vagrant# fdisk /dev/sdb

Welcome to fdisk (util-linux 2.34).
Changes will remain in memory only, until you decide to write them.
Be careful before using the write command.

Device does not contain a recognized partition table.
Created a new DOS disklabel with disk identifier 0x33527502.

Command (m for help): n
Partition type
   p   primary (0 primary, 0 extended, 4 free)
   e   extended (container for logical partitions)
Select (default p):

Using default response p.
Partition number (1-4, default 1):
First sector (2048-5242879, default 2048):
Last sector, +/-sectors or +/-size{K,M,G,T,P} (2048-5242879, default 5242879): +2G

Created a new partition 1 of type 'Linux' and of size 2 GiB.

Command (m for help): n
Partition type
   p   primary (1 primary, 0 extended, 3 free)
   e   extended (container for logical partitions)
Select (default p):

Using default response p.
Partition number (2-4, default 2):
First sector (4196352-5242879, default 4196352):
Last sector, +/-sectors or +/-size{K,M,G,T,P} (4196352-5242879, default 5242879):

Created a new partition 2 of type 'Linux' and of size 511 MiB.
```

Теперь диск размечен:

```commandline
root@vagrant:/home/vagrant# fdisk -l
...
...
Disk /dev/sdb: 2.51 GiB, 2684354560 bytes, 5242880 sectors
Disk model: VBOX HARDDISK
Units: sectors of 1 * 512 = 512 bytes
Sector size (logical/physical): 512 bytes / 512 bytes
I/O size (minimum/optimal): 512 bytes / 512 bytes
Disklabel type: dos
Disk identifier: 0x33527502

Device     Boot   Start     End Sectors  Size Id Type
/dev/sdb1          2048 4196351 4194304    2G 83 Linux
/dev/sdb2       4196352 5242879 1046528  511M 83 Linux
...
...
```

### 5. Используя `sfdisk`, перенесите данную таблицу разделов на второй диск.

```commandline
root@vagrant:/home/vagrant# sfdisk -d /dev/sdb | sfdisk /dev/sdc
Checking that no-one is using this disk right now ... OK

Disk /dev/sdc: 2.51 GiB, 2684354560 bytes, 5242880 sectors
Disk model: VBOX HARDDISK
Units: sectors of 1 * 512 = 512 bytes
Sector size (logical/physical): 512 bytes / 512 bytes
I/O size (minimum/optimal): 512 bytes / 512 bytes

>>> Script header accepted.
>>> Script header accepted.
>>> Script header accepted.
>>> Script header accepted.
>>> Created a new DOS disklabel with disk identifier 0x16aca3d0.
/dev/sdc1: Created a new partition 1 of type 'Linux' and of size 2 GiB.
/dev/sdc2: Created a new partition 2 of type 'Linux' and of size 511 MiB.
/dev/sdc3: Done.

New situation:
Disklabel type: dos
Disk identifier: 0x16aca3d0

Device     Boot   Start     End Sectors  Size Id Type
/dev/sdc1          2048 4196351 4194304    2G 83 Linux
/dev/sdc2       4196352 5242879 1046528  511M 83 Linux

The partition table has been altered.
Calling ioctl() to re-read partition table.
Syncing disks.
```

### 6. Соберите `mdadm` RAID1 на паре разделов 2 Гб.

```commandline
root@vagrant:/home/vagrant# mdadm --create --verbose /dev/md0 -l 1 -n 2 /dev/sd{b1,c1}
mdadm: Note: this array has metadata at the start and
    may not be suitable as a boot device.  If you plan to
    store '/boot' on this device please ensure that
    your boot-loader understands md/v1.x metadata, or use
    --metadata=0.90
mdadm: size set to 2094080K
Continue creating array?
Continue creating array? (y/n) y
mdadm: Defaulting to version 1.2 metadata
mdadm: array /dev/md0 started.
```

### 7. Соберите `mdadm` RAID0 на второй паре маленьких разделов.

```commandline
root@vagrant:/home/vagrant# mdadm --create --verbose /dev/md1 -l 0 -n 2 /dev/sd{b2,c2}
mdadm: chunk size defaults to 512K
mdadm: Defaulting to version 1.2 metadata
mdadm: array /dev/md1 started.
```

### 8. Создайте 2 независимых PV на получившихся md-устройствах.

```commandline
root@vagrant:/home/vagrant# pvcreate /dev/md1
  Physical volume "/dev/md1" successfully created.
root@vagrant:/home/vagrant# pvcreate /dev/md0
  Physical volume "/dev/md0" successfully created.
```

### 9. Создайте общую volume-group на этих двух PV.

```commandline
root@vagrant:/home/vagrant# vgcreate -s 100M vg1 /dev/md0 /dev/md1
  Volume group "vg1" successfully created
```

### 10. Создайте LV размером 100 Мб, указав его расположение на PV с RAID0.

>Проблема тут возникла. Я могу создать **lv1** для **vg1**, 
но я не нашел нигде информации как указать расположение на /dev/md1, т.е. мой RAID0  

Нашел ))

```commandline
root@vagrant:/home/vagrant# lvcreate -n lv1 -L 100M vg1 /dev/md1
```

### 11. Создайте `mkfs.ext4` ФС на получившемся LV.

```commandline
root@vagrant:/home/vagrant# mkfs.ext4 /dev/vg1/lv1
mke2fs 1.45.5 (07-Jan-2020)
Creating filesystem with 25600 4k blocks and 25600 inodes

Allocating group tables: done
Writing inode tables: done
Creating journal (1024 blocks): done
Writing superblocks and filesystem accounting information: done
```

### 12. Смонтируйте этот раздел в любую директорию, например, `/tmp/new`. 

```commandline
root@vagrant:/home/vagrant# mkdir -vp /tmp/new
mkdir: created directory '/tmp/new'
root@vagrant:/home/vagrant# mount /dev/vg1/lv1 /tmp/new
```

### 13. Поместите туда тестовый файл, например `wget https://mirror.yandex.ru/ubuntu/ls-lR.gz -O /tmp/new/test.gz`.

```commandline
root@vagrant:/tmp/new# ls
lost+found
root@vagrant:/tmp/new# wget https://mirror.yandex.ru/ubuntu/ls-lR.gz -O /tmp/new/test.gz
--2021-10-26 21:53:28--  https://mirror.yandex.ru/ubuntu/ls-lR.gz
Resolving mirror.yandex.ru (mirror.yandex.ru)... 213.180.204.183, 2a02:6b8::183
Connecting to mirror.yandex.ru (mirror.yandex.ru)|213.180.204.183|:443... connected.
HTTP request sent, awaiting response... 200 OK
Length: 22071496 (21M) [application/octet-stream]
Saving to: ‘/tmp/new/test.gz’

/tmp/new/test.gz                 100%[=========================================================>]  21.05M  8.92MB/s    in 2.4s

2021-10-26 21:53:31 (8.92 MB/s) - ‘/tmp/new/test.gz’ saved [22071496/22071496]
```

### 14. Прикрепите вывод `lsblk`.

```commandline
root@vagrant:/tmp/new# lsblk
NAME                 MAJ:MIN RM  SIZE RO TYPE  MOUNTPOINT
sda                    8:0    0   64G  0 disk
├─sda1                 8:1    0  512M  0 part  /boot/efi
├─sda2                 8:2    0    1K  0 part
└─sda5                 8:5    0 63.5G  0 part
  ├─vgvagrant-root   253:0    0 62.6G  0 lvm   /
  └─vgvagrant-swap_1 253:1    0  980M  0 lvm   [SWAP]
sdb                    8:16   0  2.5G  0 disk
├─sdb1                 8:17   0    2G  0 part
│ └─md0                9:0    0    2G  0 raid1
└─sdb2                 8:18   0  511M  0 part
  └─md1                9:1    0 1018M  0 raid0
    └─vg1-lv1        253:2    0  100M  0 lvm   /tmp/new
sdc                    8:32   0  2.5G  0 disk
├─sdc1                 8:33   0    2G  0 part
│ └─md0                9:0    0    2G  0 raid1
└─sdc2                 8:34   0  511M  0 part
  └─md1                9:1    0 1018M  0 raid0
    └─vg1-lv1        253:2    0  100M  0 lvm   /tmp/new
```

### 15. Протестируйте целостность файла:

```commandline
root@vagrant:/tmp/new# gzip -t /tmp/new/test.gz
root@vagrant:/tmp/new# echo $?
0
```

### 16. Используя pvmove, переместите содержимое PV с RAID0 на RAID1.

```commandline
root@vagrant:/tmp/new# pvmove -n lv1 /dev/md1 /dev/md0
  /dev/md1: Moved: 0.00%
  /dev/md1: Moved: 100.00%
root@vagrant:/tmp/new# lsblk
NAME                 MAJ:MIN RM  SIZE RO TYPE  MOUNTPOINT
sda                    8:0    0   64G  0 disk
├─sda1                 8:1    0  512M  0 part  /boot/efi
├─sda2                 8:2    0    1K  0 part
└─sda5                 8:5    0 63.5G  0 part
  ├─vgvagrant-root   253:0    0 62.6G  0 lvm   /
  └─vgvagrant-swap_1 253:1    0  980M  0 lvm   [SWAP]
sdb                    8:16   0  2.5G  0 disk
├─sdb1                 8:17   0    2G  0 part
│ └─md0                9:0    0    2G  0 raid1
│   └─vg1-lv1        253:2    0  100M  0 lvm   /tmp/new
└─sdb2                 8:18   0  511M  0 part
  └─md1                9:1    0 1018M  0 raid0
sdc                    8:32   0  2.5G  0 disk
├─sdc1                 8:33   0    2G  0 part
│ └─md0                9:0    0    2G  0 raid1
│   └─vg1-lv1        253:2    0  100M  0 lvm   /tmp/new
└─sdc2                 8:34   0  511M  0 part
  └─md1                9:1    0 1018M  0 raid0
root@vagrant:/tmp/new#
```

### 17. Сделайте `--fail` на устройство в вашем RAID1 md.

```commandline
root@vagrant:/tmp/new# mdadm --manage /dev/md0 --fail /dev/sdc1
mdadm: set /dev/sdc1 faulty in /dev/md0
```

### 18. Подтвердите выводом `dmesg`, что RAID1 работает в деградированном состоянии.

```commandline
[20020.226627] device-mapper: raid: Loading target version 1.14.0
[22012.250153] EXT4-fs (dm-2): mounted filesystem with ordered data mode. Opts: (null)
[22012.250160] ext4 filesystem being mounted at /tmp/new supports timestamps until 2038 (0x7fffffff)
[23528.411183] md/raid1:md0: Disk failure on sdc1, disabling device.
               md/raid1:md0: Operation continuing on 1 devices.
```

### 19. Протестируйте целостность файла, несмотря на "сбойный" диск он должен продолжать быть доступен:

```commandline
root@vagrant:/tmp/new# gzip -t /tmp/new/test.gz
root@vagrant:/tmp/new# echo $?
0
```

### 20. Погасите тестовый хост, `vagrant destroy`.

Домашняя работа и опыт просто супер! 
Было очень интересно самому руками все проделать.
Очень много чего нового узнал, хотя RAID1 программно уже настраивал ранее на физическом компьютере.

Спасибо огромное!